// Jest Snapshot v1, https://goo.gl/fbAQLP

exports[`Basic article, happy path  1`] = `
Object {
  "asFragment": [Function],
  "baseElement": <body>
    <div>
      <header>
        <h1>
          Hello world!
        </h1>
      </header>
      <main
        id="content"
      >
        <article>
          <aside>
            <div>
              Jun 1, 2019
            </div>
            <div>
              <a
                href="/tag/hello"
              >
                #hello
              </a>
              <a
                href="/tag/world"
              >
                #world
              </a>
            </div>
          </aside>
          <div>
            <p>
              Good 
              <em>
                day
              </em>
              , kind sir!
            </p>
            

          </div>
        </article>
      </main>
    </div>
  </body>,
  "container": <div>
    <header>
      <h1>
        Hello world!
      </h1>
    </header>
    <main
      id="content"
    >
      <article>
        <aside>
          <div>
            Jun 1, 2019
          </div>
          <div>
            <a
              href="/tag/hello"
            >
              #hello
            </a>
            <a
              href="/tag/world"
            >
              #world
            </a>
          </div>
        </aside>
        <div>
          <p>
            Good 
            <em>
              day
            </em>
            , kind sir!
          </p>
          

        </div>
      </article>
    </main>
  </div>,
  "debug": [Function],
  "findAllByAltText": [Function],
  "findAllByDisplayValue": [Function],
  "findAllByLabelText": [Function],
  "findAllByPlaceholderText": [Function],
  "findAllByRole": [Function],
  "findAllByTestId": [Function],
  "findAllByText": [Function],
  "findAllByTitle": [Function],
  "findByAltText": [Function],
  "findByDisplayValue": [Function],
  "findByLabelText": [Function],
  "findByPlaceholderText": [Function],
  "findByRole": [Function],
  "findByTestId": [Function],
  "findByText": [Function],
  "findByTitle": [Function],
  "getAllByAltText": [Function],
  "getAllByDisplayValue": [Function],
  "getAllByLabelText": [Function],
  "getAllByPlaceholderText": [Function],
  "getAllByRole": [Function],
  "getAllByTestId": [Function],
  "getAllByText": [Function],
  "getAllByTitle": [Function],
  "getByAltText": [Function],
  "getByDisplayValue": [Function],
  "getByLabelText": [Function],
  "getByPlaceholderText": [Function],
  "getByRole": [Function],
  "getByTestId": [Function],
  "getByText": [Function],
  "getByTitle": [Function],
  "queryAllByAltText": [Function],
  "queryAllByDisplayValue": [Function],
  "queryAllByLabelText": [Function],
  "queryAllByPlaceholderText": [Function],
  "queryAllByRole": [Function],
  "queryAllByTestId": [Function],
  "queryAllByText": [Function],
  "queryAllByTitle": [Function],
  "queryByAltText": [Function],
  "queryByDisplayValue": [Function],
  "queryByLabelText": [Function],
  "queryByPlaceholderText": [Function],
  "queryByRole": [Function],
  "queryByTestId": [Function],
  "queryByText": [Function],
  "queryByTitle": [Function],
  "rerender": [Function],
  "unmount": [Function],
}
`;
